
 Start         Length     Name                   Class
 000F:00000000 000000020H .bss1                  BSS
 0010:00000000 000000020H .bss2                  BSS
 0011:00000000 000000040H .bss3                  BSS
 0012:00000000 000000040H .bss4                  BSS
 0013:00000000 000000020H .bss5                  BSS
 0001:00000000 000000008H EXIDX                  DATA
 0014:00000000 000004500H .bss6                  BSS
 0015:00000000 000000200H .bss7                  BSS
 0016:00000000 000000020H .bss8                  BSS
 0017:00000000 000001100H .bss9                  BSS
 0018:00000000 000002100H .bss10                 BSS
 0019:00000000 000001200H .bss11                 BSS
 001A:00000000 000000020H .bss12                 BSS
 001B:00000000 000000020H .bss13                 BSS
 001C:00000000 0000000C0H .bss14                 BSS
 001D:00000000 000000020H .bss15                 BSS
 001E:00000000 000000040H .bss16                 BSS
 001F:00000000 000000100H .bss17                 BSS
 0020:00000000 000001100H .bss18                 BSS
 000E:00000000 000000100H .bss29                 BSS
 0007:00000000 000003500H .bss20                 BSS
 0008:00000000 000002900H .bss21                 BSS
 0009:00000000 000002400H .bss22                 BSS
 000A:00000000 000002D00H .bss23                 BSS
 000B:00000000 000000020H .bss24                 BSS
 000C:00000000 000002400H .bss25                 BSS
 000D:00000000 000001100H .bss26                 BSS
 0003:00000000 00001A540H .text                  CODE
 0004:00000000 000000020H .ARM.exidx             CONST
 0005:00000000 000006F70H .data                  DATA
 0006:00000000 0000042B0H .bss                   BSS


  Address         Publics by Value

 0003:FFFC00D8       nullsub_1
 0003:FFFC00DC       get_board_id
 0003:FFFC0578       nullsub_2
 0003:FFFC0788       nullsub_3
 0003:FFFC0834       platform_halt
 0003:FFFC0D40       sdhci_reset
 0003:FFFC0D88       sdhci_clk_supply
 0003:FFFC0E44       sdhci_set_uhs_mode
 0003:FFFC0E6A       jpt_FFFC0E66
 0003:FFFC0EE4       def_FFFC0E66
 0003:FFFC0F14       sdhci_set_bus_width
 0003:FFFC0F5C       sdhci_send_command
 0003:FFFC157C       sdhci_init
 0003:FFFC1604       mmc_boot_get_card_status
 0003:FFFC1644       mmc_send_app_cmd
 0003:FFFC1684       mmc_parse_response
 0003:FFFC171C       mmc_stop_command
 0003:FFFC1768       mmc_get_ext_csd
 0003:FFFC17AC       mmc_switch_cmd
 0003:FFFC1850       mmc_set_hs_interface
 0003:FFFC1898       mmc_sd_card_init
 0003:FFFC19C0       mmc_sd_set_bus_width
 0003:FFFC1A20       mmc_sd_set_hs
 0003:FFFC1A78       mmc_init
 0003:FFFC27D8       mmc_sdhci_read
 0003:FFFC285C       mmc_sdhci_write
 0003:FFFC28DC       mmc_send_erase_grp_start
 0003:FFFC2B10       mmc_sdhci_switch_part
 0003:FFFC2B54       mmc_sdhci_rpmb_send
 0003:FFFC2C78       mmc_zero_out
 0003:FFFC2CF0       mmc_write
 0003:FFFC2E20       mmc_read
 0003:FFFC2F64       switch_partition
 0003:FFFC328C       target_sdc_init
 0003:FFFC3390       get_mmc_dev
 0003:FFFC339C       target_get_max_flash_size
 0003:FFFC33A4       target_get_scratch_address
 0003:FFFC33AC       clock_init_mmc
 0003:FFFC33B0       sdhci_msm_init
 0003:FFFC3658       arch_clean_invalidate_cache_range
 0003:FFFC367C       arch_invalidate_cache_range
 0003:FFFC3A00       dump_mode_regs
 0003:FFFC3AF0       jpt_FFFC3AEC
 0003:FFFC3BB4       def_FFFC3AEC
 0003:FFFC3CB8       dump_fault_frame
 0003:FFFC3EDE       jpt_FFFC3EDA
 0003:FFFC3EF4       def_FFFC3EDA
 0003:FFFC4058       jpt_FFFC4054
 0003:FFFC410A       def_FFFC4054
 0003:FFFC430C       nullsub_11
 0003:FFFC4434       bootstrap2_func
 0003:FFFC5050       node_cb
 0003:FFFC50C0       prop_cb
 0003:FFFC52F4       dtb_proc
 0003:FFFC5364       req_complete
 0003:FFFC5380       usb_write
 0003:FFFC5464       usb_read
 0003:FFFC559C       fastboot_ack
 0003:FFFC55F8       fastboot_handler
 0003:FFFC573C       cmd_download
 0003:FFFC5764       jpt_FFFC5760
 0003:FFFC57AA       def_FFFC5760
 0003:FFFC5920       fastboot_register
 0003:FFFC594C       fastboot_publish
 0003:FFFC5970       fastboot_info
 0003:FFFC59C0       cmd_getvar
 0003:FFFC5A7C       fastboot_fail
 0003:FFFC5A9C       fastboot_okay
 0003:FFFC5ABC       fastboot_init
 0003:FFFC5DA0       imah_check_board_sec_id_match
 0003:FFFC5DFC       cmd_flash_mmc_img
 0003:FFFC60D4       cmd_flash_mmc_sparse_img
 0003:FFFC61CA       jpt_FFFC61C6
 0003:FFFC6330       def_FFFC61C6
 0003:FFFC6400       cmd_flash_mmc
 0003:FFFC6420       j_cmd_flash_mmc
 0003:FFFC649C       get_board_security_id
 0003:FFFC64DC       board_is_not_242
 0003:FFFC64EC       boot_verify_init
 0003:FFFC6548       jpt_FFFC6544
 0003:FFFC662C       def_FFFC6544
 0003:FFFC67B4       dwc_print_current_state
 0003:FFFC6A88       dwc_request_queue
 0003:FFFC7454       jpt_FFFC7450
 0003:FFFC75B8       jpt_FFFC75B4
 0003:FFFC7646       def_FFFC7450
 0003:FFFC7A40       def_FFFC75B4
 0003:FFFC8194       dwc_ep_cmd_start_transfer
 0003:FFFC83B8       dwc_device_run_status
 0003:FFFC8540       nullsub_10
 0003:FFFC8C6C       jpt_FFFC8C68
 0003:FFFC8CDA       def_FFFC8C68
 0003:FFFC924C       udc_request_queue
 0003:FFFC93F4       j_free
 0003:FFFC9410       arm_gic_init_percpu
 0003:FFFC942C       arm_gic_suspend_cpu
 0003:FFFC951C       arm_gic_resume_cpu
 0003:FFFC95E8       platform_fiq
 0003:FFFC9908       rpmb_req_pack
 0003:FFFC9A88       rpmb_read
 0003:FFFC9BD8       rpmb_write_counter_sync
 0003:FFFCA07C       rpmb_write_emmc
 0003:FFFCA1B8       rpmb_read_emmc
 0003:FFFCAA50       se_sbrom_init
 0003:FFFCAA5C       se_lcs_get
 0003:FFFCAA68       se_kcst_koem_compute
 0003:FFFCAADC       se_key_derivation
 0003:FFFCAB8C       se_get_pubkey_hash
 0003:FFFCABA8       se_verify_pubkey
 0003:FFFCAC4C       rpmb_key_derive
 0003:FFFCAD2C       arm_generic_timer_resume_cpu
 0003:FFFCAE00       arm_generic_timer_init_secondary_cpu
 0003:FFFCB198       udelay
 0003:FFFCB3EC       event_wait
 0003:FFFCB4C4       mutex_acquire
 0003:FFFCB51C       mutex_release
 0003:FFFCB5AC       thread_exit
 0003:FFFCB808       thread_create
 0003:FFFCB8A4       thread_resume
 0003:FFFCC398       su32
 0003:FFFCC3E4       dt_init
 0003:FFFCC504       dt_walk
 0003:FFFCC53A       jpt_FFFCC536
 0003:FFFCC606       def_FFFCC536
 0003:FFFCC708       nullsub_5
 0003:FFFCCA0C       write_efuse
 0003:FFFCCB74       nullsub_13
 0003:FFFCCB78       nullsub_14
 0003:FFFCD384       bp_fc_init
 0003:FFFCD3AC       bp_fc_write_sn
 0003:FFFCD464       bp_find
 0003:FFFCD584       bp_load
 0003:FFFCD62C       bp_save
 0003:FFFCD6C0       bp_create
 0003:FFFCD7FC       bp_write_cfg
 0003:FFFCD98C       compute_checksum
 0003:FFFCDA2C       crypto_init
 0003:FFFCDAF0       crypto_update
 0003:FFFCDB6C       crypto_calc_hash
 0003:FFFCDBD0       image_calculate_digest
 0003:FFFCDF00       image_auth
 0003:FFFCDF90       image_extract_payload
 0003:FFFCE02C       image_verify_payload
 0003:FFFCE260       image_verify
 0003:FFFCE4A0       keymgr_add_key
 0003:FFFCE578       get_auth_key
 0003:FFFCE594       keymgr_inject_key
 0003:FFFCE618       keymgr_inject_lc_keys
 0003:FFFCE644       keymgr_inject_uc_keys
 0003:FFFCE670       keymgr_get_rom_pubkeyhash
 0003:FFFCE6A4       keymgr_get_romrrpk
 0003:FFFCE72C       write_gpt_partition_array
 0003:FFFCE800       partition_parse_gpt_header
 0003:FFFCE960       partition_read_table
 0003:FFFCEFB8       mmc_read_partition_table
 0003:FFFCEFF8       write_partition
 0003:FFFCF65C       partition_get_size
 0003:FFFCFD94       alloc_handle
 0003:FFFD04E4       nullsub_6
 0003:FFFD0522       jpt_FFFD051E
 0003:FFFD0606       def_FFFD051E
 0003:FFFD08C4       pub_trigger_hardware_control_train_calibration
 0003:FFFD1C20       host_vref_training_by_software
 0003:FFFD3F92       jpt_FFFD3F8E
 0003:FFFD3FA6       def_FFFD3F8E
 0003:FFFD462C       nullsub_7
 0003:FFFD4982       jpt_FFFD497E
 0003:FFFD4B06       def_FFFD497E
 0003:FFFD4C86       jpt_FFFD4C82
 0003:FFFD4C94       def_FFFD4C82
 0003:FFFD4F9C       ASSERT
 0003:FFFD5168       memalign
 0003:FFFD5194       calloc
 0003:FFFD51D4       free
 0003:FFFD5234       page_alloc
 0003:FFFD5248       memcpy
 0003:FFFD5350       memset
 0003:FFFD6318       snprintf
 0003:FFFD63FC       dprintf
 0003:FFFD6448       memcmp
 0003:FFFD6488       strcmp
 0003:FFFD64B8       strlcat
 0003:FFFD651C       strlcpy
 0003:FFFD6564       strlen
 0003:FFFD6598       strncmp
 0003:FFFD66C0       strtok_r
 0003:FFFD670C       heap_insert_free_chunk
 0003:FFFD6938       m
 0003:FFFD8FB4       nullsub_8
 0003:FFFD9CB0       mmc_get_device_capacity
 0003:FFFD9D50       nullsub_9
 0003:FFFDA510       j_nullsub_9
 0003:FFFDA520       j_nullsub_9_0
 0005:FFFDA560       aGetBoardId
 0005:FFFDA570       aTps65961
 0005:FFFDA57C       aSPmicIsEmptyEx
 0005:FFFDA798       aStack
 0005:FFFDA7A0       aAllocHandleErr
 0005:FFFDA7B4       aClkUnused
 0005:FFFDA7C0       aEnable
 0005:FFFDA7C8       aGetHwVerFailed
 0005:FFFDA7DC       aDDD
 0005:FFFDA7E8       aHwVerS
 0005:FFFDA7F4       aHwVer
 0005:FFFDA7FC       aFlushErr
 0005:FFFDA808       aDdrHeap
 0005:FFFDA814       aSeSbromInitFai
 0005:FFFDA830       aDram
 0005:FFFDA838       aMemory
 0005:FFFDA840       aPeripherals
 0005:FFFDA84C       aHaltSpinningFo
 0005:FFFDA878       aAcpuPllSelectA
 0005:FFFDA8A4       aDdrSubsysGatin
 0005:FFFDA8B8       aOff
 0005:FFFDA8BC       aPeriSubsysGati
 0005:FFFDA8D0       aM7SubsysGating
 0005:FFFDA8E4       aVisionSubsysGa
 0005:FFFDA8FC       aCodecSubsysGat
 0005:FFFDA910       aIspSubsysGatin
 0005:FFFDA924       a2dSubsysGating
 0005:FFFDA938       aErrorSdhciRese
 0005:FFFDA95C       aErrorInvalidUh
 0005:FFFDA97C       aAssertFailedAt
 0005:FFFDA99C       aDevMmcSdhciC
 0005:FFFDA9AC       aBusWidthIsInva
 0005:FFFDA9C8       aCmdDataDataPtr
 0005:FFFDA9DC       aIsCacheLineAli
 0005:FFFDAA08       aErrorCmdOrDatL
 0005:FFFDAA34       aInvalidRespons
 0005:FFFDAA5C       aErrorAllocatin
 0005:FFFDAA78       aErrorCommandNe
 0005:FFFDAA98       aErrorTransferN
 0005:FFFDAABC       aErrorCommandTi
 0005:FFFDAADC       aErrorCommandCr
 0005:FFFDAAF8       aErrorCmdEndBit
 0005:FFFDAB14       aErrorCommandIn
 0005:FFFDAB30       aErrorDataTimeO
 0005:FFFDAB4C       aErrorDataCrcEr
 0005:FFFDAB64       aErrorDataEndBi
 0005:FFFDAB80       aErrorCurrentLi
 0005:FFFDAB9C       aErrorAutoCmd12
 0005:FFFDABB8       aErrorAdmaError
 0005:FFFDABCC       aFailedSendingC
 0005:FFFDABE4       aAttemptingToRe
 0005:FFFDAC1C       aTheMisalignedA
 0005:FFFDAC58       aTheTransferred
 0005:FFFDAC90       aAttemptToProgr
 0005:FFFDACBC       aDeviceErrorOcc
 0005:FFFDAD00       aAGenericDevice
 0005:FFFDAD18       aMmcCardIsNotIn
 0005:FFFDAD38       aFailedToSendSt
 0005:FFFDAD58       aCmd6SendFailed
 0005:FFFDAD6C       aGetCardStatusF
 0005:FFFDAD84       aSwitchCmdFaile_0
 0005:FFFDADB4       aSwitchCmdFaile_1
 0005:FFFDADD8       aSwitchCmdRetur
 0005:FFFDADF8       aTheResponseFor
 0005:FFFDAE34       aErrorCmd8Respo
 0005:FFFDAE54       aFailedSendingA
 0005:FFFDAE70       aFailureSending
 0005:FFFDAE88       aErrorAcmd41Res
 0005:FFFDAEAC       aDevMmcMmcSdhci
 0005:FFFDAEC0       aData
 0005:FFFDAEC8       aInitializingMm
 0005:FFFDAEFC       aErrorInitializ
 0005:FFFDAF20       aFailureResetti
 0005:FFFDAF40       aFailedToInitia
 0005:FFFDAF60       aDecodedCidFiel
 0005:FFFDAF78       aManufacturerId
 0005:FFFDAF90       aOemId0xX
 0005:FFFDAFA0       aProductNameS
 0005:FFFDAFB4       aProductRevisio
 0005:FFFDAFD0       aProductSerialN
 0005:FFFDAFEC       aManufacturingD
 0005:FFFDB008       aFailedToSetHsF
 0005:FFFDB028       aErrorAdjusting
 0005:FFFDB04C       aFailureGetting
 0005:FFFDB078       aDecodedCsdFiel
 0005:FFFDB090       aCardCapacityLl
 0005:FFFDB0AC       aRpmbSize0xXByt
 0005:FFFDB0C4       aRelWrCountU
 0005:FFFDB0D8       aFailedToSetBus
 0005:FFFDB108       aSwitchCmdFaile
 0005:FFFDB11C       aFailureToSetDd
 0005:FFFDB148       aSdhcRunningInH
 0005:FFFDB16C       aFailureToEnalb
 0005:FFFDB198       aFailureToSetWi
 0005:FFFDB1C4       aFailedToSetBus_0
 0005:FFFDB1EC       aFailedToEnable
 0005:FFFDB210       aBootBusWidth1
 0005:FFFDB224       aBootBusWidth8
 0005:FFFDB238       aBootBusWidthIs
 0005:FFFDB254       aBootPartitionD_0
 0005:FFFDB278       aFailedDetectin
 0005:FFFDB29C       aDoneInitializa
 0005:FFFDB2C0       aFailureGetting_0
 0005:FFFDB2EC       aMmcCardFailedT
 0005:FFFDB31C       aFailureGetting_1
 0005:FFFDB340       aFailureGetting_2
 0005:FFFDB360       aFailureGetting_3
 0005:FFFDB38C       aFailureSelecti
 0005:FFFDB3B8       aFailureGetting_4
 0005:FFFDB3E0       aFailedToGetSsr
 0005:FFFDB404       aSdhcRunningInD
 0005:FFFDB420       aCardHasBusySta
 0005:FFFDB454       aRequestedLengt
 0005:FFFDB488       aTheEraseGroupO
 0005:FFFDB4C0       aAddressForCmd3
 0005:FFFDB4E4       aAddressForCmd3_0
 0005:FFFDB508       aFailedToGetCar
 0005:FFFDB530       aWriteProtectSe
 0005:FFFDB574       aCardStatusChec
 0005:FFFDB5B0       aFailedToSendEr
 0005:FFFDB5D8       aFailedToSendEr_0
 0005:FFFDB600       aFailedToEraseT
 0005:FFFDB62C       aFailedToGetSta
 0005:FFFDB658       aFailedToDisabl
 0005:FFFDB674       aFailedToReadEx
 0005:FFFDB69C       aPowerOnProtect
 0005:FFFDB6CC       aLengthIsLessTh
 0005:FFFDB700       aFailedToSetPow
 0005:FFFDB724       aAddressForCmd2
 0005:FFFDB74C       aFailedToGetCar_0
 0005:FFFDB784       aCardStatusTime
 0005:FFFDB7C0       aCardDeselectEr
 0005:FFFDB7DC       aCardSleepError
 0005:FFFDB7F4       aFailedToSwitch
 0005:FFFDB81C       aCmd
 0005:FFFDB820       aSetBlockCountF
 0005:FFFDB83C       aFailedToGetCar_1
 0005:FFFDB870       aCardStatusChec_0
 0005:FFFDB8A4       aEraseFailErase
 0005:FFFDB8E0       aFailedToEraseT_0
 0005:FFFDB904       aDevMmcMmcWrapp
 0005:FFFDB91C       aDataAddrBlockS
 0005:FFFDB938       aFailedWritingB
 0005:FFFDB954       aDataLenBlockSi
 0005:FFFDB970       aFailedReadingB
 0005:FFFDB98C       aWrongPartNumbe
 0005:FFFDB9B0       aFailedToClearM
 0005:FFFDB9D8       aFailedToSetMmc
 0005:FFFDB9FC       aWrongWidthValu
 0005:FFFDBA20       aBootBusWidthIs_0
 0005:FFFDBA44       aFailedToSetBoo
 0005:FFFDBA70       aAddrBlockSize
 0005:FFFDBA88       aLenBlockSize
 0005:FFFDBA9C       aMmcEraseFailed
 0005:FFFDBAB0       aMmcInitFailed
 0005:FFFDBAC4       aPlatformDjiDev
 0005:FFFDBC28       aMmcSdhciSetBlk
 0005:FFFDBC40       aDccWorker
 0005:FFFDBC4C       aCSR130x08xR140
 0005:FFFDBC68       aUsr
 0005:FFFDBC6C       aFiq
 0005:FFFDBC70       aIrq
 0005:FFFDBC74       aSvc
 0005:FFFDBC78       aUnd
 0005:FFFDBC7C       aSys
 0005:FFFDBC80       aBottomOfStackA
 0005:FFFDBC9C       aCurrentThreadP
 0005:FFFDBCB8       aR00x08xR10x08x
 0005:FFFDBCE8       aR40x08xR50x08x
 0005:FFFDBD18       aR80x08xR90x08x
 0005:FFFDBD48       aR120x08xUsp0x0
 0005:FFFDBD78       aSpsr0x08x
 0005:FFFDBD88       aUnhandledSysca
 0005:FFFDBDA4       aUndefinedAbort
 0005:FFFDBDC0       aWrite
 0005:FFFDBDC8       aRead
 0005:FFFDBDD2       aCpuUDataAbort
 0005:FFFDBDE8       aAlignmentFault_0
 0005:FFFDBE00       aTranslationFau_0
 0005:FFFDBE1C       aAccessFlagFaul_0
 0005:FFFDBE38       aDomainFaultDom
 0005:FFFDBE54       aPermissionFaul_0
 0005:FFFDBE6C       aDebugEvent
 0005:FFFDBE7C       aSynchronousExt_0
 0005:FFFDBEA0       aAsynchronousEx
 0005:FFFDBEC4       aUnhandledFault
 0005:FFFDBED8       aDfar0xXFaultAd
 0005:FFFDBEF4       aDfsr0xXFaultSt
 0005:FFFDBF18       aHalting
 0005:FFFDBF24       aCpuUPrefetchAb
 0005:FFFDBF40       aAlignmentFault
 0005:FFFDBF54       aTranslationFau
 0005:FFFDBF68       aAccessFlagFaul
 0005:FFFDBF7C       aPermissionFaul
 0005:FFFDBF90       aSynchronousExt
 0005:FFFDBFAC       aAsynchronousEx_0
 0005:FFFDBFCC       aIfar0xXFaultAd
 0005:FFFDBFE8       aIfsr0xXFaultSt
 0005:FFFDC00C       aFloatingPointC
 0005:FFFDC03C       aTopInitC
 0005:FFFDC048       aStartLevel0
 0005:FFFDC058       aBootstrap2
 0005:FFFDC064       aQuiet
 0005:FFFDC0A4       aImageEncKey
 0005:FFFDC0B4       aZzzz
 0005:FFFDC0BC       aBootPartitionD
 0005:FFFDC0D8       aReadEmmcPubKey
 0005:FFFDC0F4       aStartIDTcmVeri
 0005:FFFDC10C       aDtcmFaddr0xXPt
 0005:FFFDC134       aItcmFaddr0xXPt
 0005:FFFDC15C       aFinishIDTcmVer
 0005:FFFDC174       aTcmErrCount
 0005:FFFDC184       aU
 0005:FFFDC188       aDelay
 0005:FFFDC190       aInfoFcUnrdLoad
 0005:FFFDC1AC       aNoActiveState
 0005:FFFDC1C0       aProductsn
 0005:FFFDC1CC       aNoProductionSn
 0005:FFFDC1E0       aFcProductionSn
 0005:FFFDC1FC       aErrorPliInfoFa
 0005:FFFDC214       aErrorVerifyPli
 0005:FFFDC234       aFcFw
 0005:FFFDC23C       aErrorGetFcPart
 0005:FFFDC260       aErrorReadFlyct
 0005:FFFDC288       aErrFctrlImgSiz
 0005:FFFDC2A4       aErrorReadFcFir
 0005:FFFDC2C4       aFlyctrl
 0005:FFFDC2CC       aErrorFcImageVe
 0005:FFFDC2EC       aRecovery
 0005:FFFDC2F8       aNormal
 0005:FFFDC300       aErrorBootParti
 0005:FFFDC328       aErrorPartition
 0005:FFFDC34C       aErrorReadNorma
 0005:FFFDC370       aErrorPartition_0
 0005:FFFDC390       aErrNormalImgOr
 0005:FFFDC3C0       aErrorCannotRea
 0005:FFFDC3E0       aSImgVerifyFail
 0005:FFFDC410       aDtbProcFail
 0005:FFFDC420       aBootFcFailed
 0005:FFFDC434       aCrashCounter
 0005:FFFDC444       aBootMode
 0005:FFFDC450       a1
 0005:FFFDC454       aForceOta
 0005:FFFDC460       aYes
 0005:FFFDC464       aBootSFailed
 0005:FFFDC478       aAboot
 0005:FFFDC480       aErrorS
 0005:FFFDC48D       aActory
 0005:FFFDC499       aRoduction
 0005:FFFDC4A4       aBootargs
 0005:FFFDC4B0       aMpState
 0005:FFFDC4BC       aEfuseReadErr
 0005:FFFDC4CC       aChipSn
 0005:FFFDC4D8       aX
 0005:FFFDC4DC       aProductSnCallB
 0005:FFFDC4F8       aBoardSnCallBac
 0005:FFFDC510       aVerityDebugCal
 0005:FFFDC52C       aSecureDebugCal
 0005:FFFDC548       aWifiKeyCallBac
 0005:FFFDC560       aKernelQuietCal
 0005:FFFDC57C       aMpCallBackErr
 0005:FFFDC590       aHexToStrErr
 0005:FFFDC5A0       aChipSnCallBack
 0005:FFFDC5B8       aDtInitFail
 0005:FFFDC5C8       aDtWalkFail
 0005:FFFDC5D8       aAppAbootFastbo
 0005:FFFDC5F0       aBuf
 0005:FFFDC5F4       aUsbWriteQueueF
 0005:FFFDC618       aUsbWriteTransa
 0005:FFFDC64C       aUsbWriteDoneEr
 0005:FFFDC670       aUsbReadQueueFa
 0005:FFFDC694       aUsbReadTransac
 0005:FFFDC6C4       aUsbReadDoneErr
 0005:FFFDC6E8       aSS
 0005:FFFDC6F0       aCouldNotAlloca
 0005:FFFDC720       aFail
 0005:FFFDC728       aUnknownReason
 0005:FFFDC738       aUnknownCommand
 0005:FFFDC748       aDataTooLarge
 0005:FFFDC758       aData08x
 0005:FFFDC764       aOkay
 0005:FFFDC76C       aInfoS
 0005:FFFDC774       aAll
 0005:FFFDC778       a0x123456
 0005:FFFDC784       aDownload
 0005:FFFDC790       aGetvar
 0005:FFFDC798       aUpload
 0005:FFFDC7A0       aVersion
 0005:FFFDC7A8       a05
 0005:FFFDC7AC       aFastboot
 0005:FFFDC7B8       aGoogle
 0005:FFFDC7C0       aAndroid
 0005:FFFDC7C8       aPartitionTable
 0005:FFFDC7E8       aSizeTooLarge
 0005:FFFDC7F8       aFlashEraseFail
 0005:FFFDC80C       aRrak
 0005:FFFDC814       aPrak
 0005:FFFDC81C       aFailedToWriteP
 0005:FFFDC838       aEfuse
 0005:FFFDC840       aEfuseWriteFail
 0005:FFFDC854       aEfuseVerifyFai
 0005:FFFDC868       aBootloader
 0005:FFFDC874       aTheBootareaImg
 0005:FFFDC89C       aBootloader2
 0005:FFFDC8A8       aTheFlyctrlImgI
 0005:FFFDC8CC       aFlyctrl2
 0005:FFFDC8D8       aEfuseGroup
 0005:FFFDC8E4       aEfuseGroupTest
 0005:FFFDC8FC       aProductSn
 0005:FFFDC908       aBurnSerialNumb
 0005:FFFDC924       aTheNormalImgIs
 0005:FFFDC948       aTheRecoveryImg
 0005:FFFDC970       aFlashWriteFail
 0005:FFFDC984       aBogusSizeSpars
 0005:FFFDC9A8       aChunkDataSizeE
 0005:FFFDC9D0       aBogusChunkSize
 0005:FFFDC9F4       aBogusSizeForRa
 0005:FFFDCA14       aBogusChunkSize_0
 0005:FFFDCA3C       aMallocFailedFo
 0005:FFFDCA60       aChunkDataSizeF
 0005:FFFDCA98       aBogusSizeForCh
 0005:FFFDCABC       aBogusChunkSize_1
 0005:FFFDCAE8       aBogusSizeForCh_0
 0005:FFFDCB08       aUnkownChunkTyp
 0005:FFFDCB20       aUnknownChunkTy
 0005:FFFDCB34       aSparseImageWri
 0005:FFFDCB50       aProduct
 0005:FFFDCB58       aEagleFpga
 0005:FFFDCB64       aKernel
 0005:FFFDCB6C       aLk
 0005:FFFDCB70       aSerialno
 0005:FFFDCB7C       aFlash
 0005:FFFDCB84       aErase
 0005:FFFDCB8C       aContinue
 0005:FFFDCB98       aReboot
 0005:FFFDCBA0       aRebootBootload
 0005:FFFDCBB4       aSeLcsGetFail0x
 0005:FFFDCBCC       aBootVerifyInit
 0005:FFFDCBEC       aLcsErrorD
 0005:FFFDCBFC       aSeGetPubkeyHas
 0005:FFFDCC1C       aSeKcstKoemComp
 0005:FFFDCC3C       aSeKeyDerivatio
 0005:FFFDCC5C       aKeymgrGetRomPu
 0005:FFFDCC84       aKeymgrGetRomrr
 0005:FFFDCCA4       aGBootPubkeyFun
 0005:FFFDCCC4       aSeVerifyPubkey
 0005:FFFDCCE0       aShell
 0005:FFFDCCE8       aSDDriverInitFa
 0005:FFFDCD2C       aSDDriverFiniFa
 0005:FFFDCD70       aDwcCore0xX
 0005:FFFDCD84       aCtrlStateDS
 0005:FFFDCD9C       aEpIndexDStatus
 0005:FFFDCDB8       aPhyNumD
 0005:FFFDCDCC       aUsbEpNumD
 0005:FFFDCDE0       aDirD
 0005:FFFDCDF4       aTypeD
 0005:FFFDCE08       aResourceIdxD
 0005:FFFDCE1C       aTrbQueuedD
 0005:FFFDCE30       aBytesQueuedD
 0005:FFFDCE44       aStateDS
 0005:FFFDCE5C       aEpReqLenDTrbct
 0005:FFFDCE7C       aDevUsbDwcUsb30
 0005:FFFDCE94       aDwcEpPhyToInde
 0005:FFFDCEC8       aEpNull
 0005:FFFDCED8       aEpEvent0xXDeta
 0005:FFFDCEF4       aEventIdDS
 0005:FFFDCF10       aEpPhyNumD
 0005:FFFDCF28       aEventCtrlStage
 0005:FFFDCF44       aEventStatusD
 0005:FFFDCF5C       aXferResIdxD
 0005:FFFDCF74       aEventParamD
 0005:FFFDCF8C       aEventCmdTypeDS
 0005:FFFDCFA8       aIndexDwcMaxNum
 0005:FFFDCFC4       aEpTrbQueued0
 0005:FFFDCFD8       aErrorEnoughTrb
 0005:FFFDD014       aErrorIncreaseT
 0005:FFFDD040       aErrorPhyEpNumD
 0005:FFFDD068       aAttemptingStar
 0005:FFFDD0A4       aDwcEventEpCmdC
 0005:FFFDD0C4       aDwcEventEpXfer
 0005:FFFDD0E4       aDwcEventEpXfer_0
 0005:FFFDD104       aDwcEventEpXfer_1
 0005:FFFDD124       aDwcEventDevice
 0005:FFFDD158       aDwcEventDevice_0
 0005:FFFDD18C       aDwcEventDevice_1
 0005:FFFDD1C0       aDwcEventDevice_2
 0005:FFFDD1F4       aDwcEventDevice_3
 0005:FFFDD228       aDwcEventDevice_4
 0005:FFFDD25C       aDwcEventDevice_5
 0005:FFFDD290       aDwcEventDevice_6
 0005:FFFDD2C4       aDwcEventDevice_7
 0005:FFFDD2F8       aDwcEventDevice_8
 0005:FFFDD32C       aDwcEventDevice_9
 0005:FFFDD360       aDwcEventDevice_10
 0005:FFFDD394       aEpFsmInit
 0005:FFFDD3AC       aEpFsmSetup
 0005:FFFDD3C4       aEpFsmCtrlData
 0005:FFFDD3DC       aEpFsmWaitForHo
 0005:FFFDD3F4       aEpFsmWaitForHo_0
 0005:FFFDD40C       aEpFsmStatus2
 0005:FFFDD424       aEpFsmStatus3
 0005:FFFDD43C       aEpFsmStall
 0005:FFFDD454       aEpStateInit
 0005:FFFDD464       aEpStateInactiv
 0005:FFFDD478       aEpStateStartTr
 0005:FFFDD490       aEpStateXferInP
 0005:FFFDD4A8       aOn
 0005:FFFDD4B8       aL1
 0005:FFFDD4C8       aL2
 0005:FFFDD4D8       aDisconnected
 0005:FFFDD4E8       aEarlySuspend
 0005:FFFDD4F8       aReset
 0005:FFFDD508       aResume
 0005:FFFDD518       aU0
 0005:FFFDD528       aU1
 0005:FFFDD538       aU2
 0005:FFFDD548       aU3
 0005:FFFDD558       aSsDis
 0005:FFFDD568       aRxDet
 0005:FFFDD578       aSsInact
 0005:FFFDD588       aPoll
 0005:FFFDD598       aRecov
 0005:FFFDD5A8       aHreset
 0005:FFFDD5B8       aCmply
 0005:FFFDD5C8       aLpbk
 0005:FFFDD5D8       aResumeReset
 0005:FFFDD5E8       aDstsConnectspd
 0005:FFFDD5FC       aDstsConnectspd_0
 0005:FFFDD610       aDstsConnectspd_1
 0005:FFFDD624       aDstsConnectspd_2
 0005:FFFDD638       aDepcmdCmdSetEp
 0005:FFFDD654       aDepcmdCmdSetTr
 0005:FFFDD670       aDepcmdCmdGetEp
 0005:FFFDD68C       aDepcmdCmdSetSt
 0005:FFFDD6A8       aDepcmdCmdClear
 0005:FFFDD6C4       aDepcmdCmdStart
 0005:FFFDD6E0       aDepcmdCmdUpdat
 0005:FFFDD6FC       aDepcmdCmdEndTr
 0005:FFFDD718       aDepcmdCmdStart_0
 0005:FFFDD734       aDevSetupPkt
 0005:FFFDD744       aNumOfTrb
 0005:FFFDD750       aUnhandledDevic
 0005:FFFDD774       aEpStateEpState
 0005:FFFDD79C       aEventStatus0
 0005:FFFDD7B0       aEpPhyNum0
 0005:FFFDD7C0       aEpStateEpState_0
 0005:FFFDD7E4       aSIgnoreTheUnex
 0005:FFFDD810       aEventCtrlStage_0
 0005:FFFDD83C       aEpPhyNum1
 0005:FFFDD84C       aInvalidCtrlSta
 0005:FFFDD868       aEpStateIsInval
 0005:FFFDD890       aDevEpIndexTrb
 0005:FFFDD8A4       aEpTrb
 0005:FFFDD8AC       aDevUsbDwcUsb30_0
 0005:FFFDD8C8       aTdAddrLow0xf0
 0005:FFFDD8E4       aActive
 0005:FFFDD8EC       aDeviceCommandF
 0005:FFFDD90C       aCount4
 0005:FFFDD918       aEventBufferIsF
 0005:FFFDD948       aDwcUsbCrtInitF
 0005:FFFDD964       aUnknown
 0005:FFFDD970       aDevUsbDwcUsb30_1
 0005:FFFDD988       aUdc
 0005:FFFDD98C       aDwc
 0005:FFFDD990       aUdcHandleSetup
 0005:FFFDD9DC       aConfigDNotSupp
 0005:FFFDD9FC       aStallUnsupport
 0005:FFFDDA30       aUdcDev
 0005:FFFDDA38       aUdcDevCtrlRxBu
 0005:FFFDDA50       aUdcDevCtrlTxBu
 0005:FFFDDA68       aDwcConfigEvent
 0005:FFFDDA80       aGadget
 0005:FFFDDA88       aOnlyOneGadgetS
 0005:FFFDDAA4       aDwcDev
 0005:FFFDDAAC       aEpt
 0005:FFFDDAB0       aEptTrb
 0005:FFFDDABC       aReq
 0005:FFFDDAC0       aGetStatus
 0005:FFFDDACC       aClearFeature
 0005:FFFDDADC       aSetFeature
 0005:FFFDDAE8       aSetAddress
 0005:FFFDDAF4       aGetDescriptor
 0005:FFFDDB04       aSetDescriptor
 0005:FFFDDB14       aGetConfigurati
 0005:FFFDDB28       aSetConfigurati
 0005:FFFDDB3C       aGetInterface
 0005:FFFDDB4C       aSetInterface
 0005:FFFDDB5C       aSetSel
 0005:FFFDDB64       aDwcEventHandle
 0005:FFFDDB94       aDwcEventHandle_0
 0005:FFFDDBC0       aDwcEventHandle_1
 0005:FFFDDBE8       aDwcEventHandle_2
 0005:FFFDDC14       aDwcEventHandle_3
 0005:FFFDDC44       aDwcEventHandle_4
 0005:FFFDDC74       aDwcEventHandle_5
 0005:FFFDDCA4       aDwcEventHandle_6
 0005:FFFDDCCC       aDwcEventHandle_7
 0005:FFFDDEE8       aRegisterIntHan
 0005:FFFDDF18       aSUnimplemented
 0005:FFFDDF2C       aArmGicResumeCp
 0005:FFFDDF40       aArmGicSuspendC
 0005:FFFDDF54       aArmGicInitPerc
 0005:FFFDDF68       aPlatformFiq
 0005:FFFDDF78       aAndroidbootSec
 0005:FFFDDF94       aAndroidbootVer
 0005:FFFDDFAC       aWifiKey0000000
 0005:FFFDDFC0       aRpmbMacCalcFai
 0005:FFFDDFDC       aUnexpectedOpRe
 0005:FFFDDFFC       aUnexpectedMsgT
 0005:FFFDE024       aUnexpectedBloc
 0005:FFFDE050       aCounterMismatc
 0005:FFFDE074       aNonceMismatche
 0005:FFFDE088       aMacMismatched
 0005:FFFDE09C       aWrBlkcntDRelWr
 0005:FFFDE0C0       aAllocRpmbDataf
 0005:FFFDE0DC       aAllocRpmbReqRe
 0005:FFFDE100       aRpmbReqPackFai
 0005:FFFDE118       aRpmbRead0xP0xX
 0005:FFFDE138       aRpmbReadCntVal
 0005:FFFDE154       aRpmbKeyDerivat
 0005:FFFDE174       aRpmbWriteCount
 0005:FFFDE19C       aWriteUBlockSAt
 0005:FFFDE1BC       aFailedToSendTh
 0005:FFFDE1F0       aMaxWriteCounte
 0005:FFFDE210       aFailedToSendTh_0
 0005:FFFDE244       aOperationOk
 0005:FFFDE254       aGeneralFailure
 0005:FFFDE264       aAuthentication
 0005:FFFDE2B0       aCounterFailure
 0005:FFFDE304       aAddressFailure
 0005:FFFDE344       aWriteFailureDa
 0005:FFFDE378       aReadFailureDat
 0005:FFFDE3A8       aAuthentication_0
 0005:FFFDE3D0       aHeadIsNull
 0005:FFFDE3E0       aHeaderCrcErr
 0005:FFFDE3F0       aCurErr
 0005:FFFDE3FC       aBufEmpty
 0005:FFFDE408       aReadHeadFail
 0005:FFFDE418       aContextEmpty
 0005:FFFDE428       aSizeTooBig
 0005:FFFDE438       aReadContextFai
 0005:FFFDE44C       aItemCrcErr
 0005:FFFDE45C       aContextDItemsI
 0005:FFFDE478       aCallocUnrdHead
 0005:FFFDE498       aRpmbReadHead1F
 0005:FFFDE4C8       aRpmbReadHead2F
 0005:FFFDE4F8       aContext0HeadIn
 0005:FFFDE510       aContext1HeadIn
 0005:FFFDE528       aNonContextIsVa
 0005:FFFDE54C       aNoUnrdInTwoDat
 0005:FFFDE568       aRpmbAllocUnrdH
 0005:FFFDE588       aGetSFailedD
 0005:FFFDE59C       aGetSFailed
 0005:FFFDE5AC       aProductionSn
 0005:FFFDE5BC       aBoardsn
 0005:FFFDE5C4       aBoardSn
 0005:FFFDE5D0       aSecuredebug
 0005:FFFDE5DC       aGetDFailed
 0005:FFFDE608       aDmveritydis
 0005:FFFDE62C       aGetWifiKeyFail
 0005:FFFDE644       a02x
 0005:FFFDE660       aStrToHexstrErr
 0005:FFFDE69C       aRpmbKeysasites
 0005:FFFDE6A4       aSasitestTimeCo
 0005:FFFDE6CC       aSDFailOffByLlu
 0005:FFFDE6E8       aDevTimerArmGen
 0005:FFFDE714       aArgNull
 0005:FFFDE720       aSDFailedToInit
 0005:FFFDE754       aArmGenericTime
 0005:FFFDE774       aArmGenericTime_0
 0005:FFFDE79C       aArmGenericTime_1
 0005:FFFDE7B4       aBootstrap
 0005:FFFDE7C0       aIdle
 0005:FFFDE7C8       aIdleU
 0005:FFFDE7D0       aSomehowFellThr
 0005:FFFDE7F4       aTimerPAlreadyI
 0005:FFFDEC10       aBadMagic
 0005:FFFDEC1C       aBogusSizeField
 0005:FFFDEC30       aVersion17
 0005:FFFDEC40       aInvalidStructu
 0005:FFFDEC5C       aInvalidStrings
 0005:FFFDEC74       aUnexpectedDtEn
 0005:FFFDEC88       aUnexpectedNode
 0005:FFFDEC9C       aPropOutsideOfN
 0005:FFFDECB4       aInvalidNodeTyp
 0005:FFFDECC8       aIncompleteTree
 0005:FFFDECD8       aVersion_0
 0005:FFFDECE5       aArchS
 0005:FFFDECF4       aArm
 0005:FFFDECF9       aPlatformS
 0005:FFFDED08       aEagle
 0005:FFFDED11       aTargetS
 0005:FFFDED20       aEagleWm230
 0005:FFFDED2D       aProjectS
 0005:FFFDED3C       aEagleWm230Test
 0005:FFFDED51       aBuildidS
 0005:FFFDED60       aH1pfkLocal
 0005:FFFDED6C       aPrintVersion
 0005:FFFDED8C       aEfuseGroupDVal
 0005:FFFDEDA8       aEfuseVerifyFai_0
 0005:FFFDEE08       aBpFcInit
 0005:FFFDEE14       aBpFcWriteSn
 0005:FFFDEE24       aSErrCanTLoadFc
 0005:FFFDEE44       aSErrReadAttrDF
 0005:FFFDEE64       aSErrReadDataDF
 0005:FFFDEE84       aInfoLoadFcBoot
 0005:FFFDEEA8       aSErrInvalidPar
 0005:FFFDEEC0       aEep3
 0005:FFFDEEC8       aSErrCreateSFai
 0005:FFFDEEE4       aSErrWriteCfgSF
 0005:FFFDEF04       aSErrWriteDataS
 0005:FFFDEF24       aSErrSaveBpSFai
 0005:FFFDEF40       aErrorInvalidPa
 0005:FFFDEF58       aSErrPleaseInit
 0005:FFFDEF78       aEnv
 0005:FFFDEF7C       aSErrReadEnvPar
 0005:FFFDEFA4       aSErrCrcCheckFa
 0005:FFFDEFC0       aSErrWriteEnvPa
 0005:FFFDEFE8       aSErrAttrDUnuse
 0005:FFFDF000       aSErrAttrDLenIn
 0005:FFFDF020       aSErrDataDIsUnu
 0005:FFFDF03C       aSErrDataDLenIn
 0005:FFFDF05C       aSErrorInvalidI
 0005:FFFDF080       aInfoSNotExistW
 0005:FFFDF0A8       aInfoCreateNewK
 0005:FFFDF0C8       aInfoKeySAlread
 0005:FFFDF0E8       aErrorNewCreate
 0005:FFFDF118       aSErrorInvalidP
 0005:FFFDF134       aInfoSExistWrit
 0005:FFFDF158       aErrorSNotExist
 0005:FFFDF184       aInfoSExistWrit_0
 0005:FFFDF1A8       aBpFind
 0005:FFFDF1B0       aBpUnused
 0005:FFFDF1BC       aBpCreate
 0005:FFFDF1C8       aBpLoad
 0005:FFFDF1D0       aBpWriteCfg
 0005:FFFDF1E0       aBpSave
 0005:FFFDF1E8       aBpWrite
 0005:FFFDF1F4       aPlatformDjiLib
 0005:FFFDF218       aBufLength
 0005:FFFDF228       aUint32TU32Size
 0005:FFFDF254       aTooManyChunksD
 0005:FFFDF278       aFailedToGetEnc
 0005:FFFDF29C       aNotSupportRomK
 0005:FFFDF2B4       aFailedToDecryp
 0005:FFFDF2D4       aFailedToInitia_0
 0005:FFFDF2F4       aFailedToDecryp_0
 0005:FFFDF320       aFailedToCalcul
 0005:FFFDF33C       aFailedToVerify
 0005:FFFDF36C       aFailedPayloadD
 0005:FFFDF398       aMagicNumberChe
 0005:FFFDF3C4       aTooShortImageS
 0005:FFFDF3E0       aTypeDoesTMatch
 0005:FFFDF404       aNameDoesTMatch
 0005:FFFDF428       aCanNotSupportC
 0005:FFFDF454       aCanNotSupportP
 0005:FFFDF47C       aChecksumVerify
 0005:FFFDF494       aFailedToGetAut
 0005:FFFDF4B4       aFailedToCalcul_0
 0005:FFFDF4D4       aFailedToAuthTh
 0005:FFFDF4F4       aInvalidKeyKeyI
 0005:FFFDF514       aNoKeySlotForId
 0005:FFFDF560       aGptFailedToWri
 0005:FFFDF590       aPlatformDjiLib_0
 0005:FFFDF5C0       aPartitionEntri
 0005:FFFDF5D4       aFailedToAlloca
 0005:FFFDF608       aGptCouldNotRea
 0005:FFFDF63C       aCardSizeSec0
 0005:FFFDF650       aGptCouldNotRea_0
 0005:FFFDF684       aGptPrimaryAndB
 0005:FFFDF6B0       aPartitionCount
 0005:FFFDF6D4       aGptReadFailedR
 0005:FFFDF704       aBootGptReadFai
 0005:FFFDF71C       aErrorReadingTh
 0005:FFFDF744       aNullPartition
 0005:FFFDF754       aGptPrimarySign
 0005:FFFDF788       aGptBackupSigna
 0005:FFFDF7B8       aFailedToWriteP_0
 0005:FFFDF7D8       aFailedToWriteG
 0005:FFFDF7F4       aFailedToWriteG_0
 0005:FFFDF818       aGptCouldNotWri
 0005:FFFDF84C       aInvalidPartiti
 0005:FFFDF86C       aErrorUnableToF
 0005:FFFDF894       aUnr0
 0005:FFFDF89C       aS
 0005:FFFDF8A4       a02x_0
 0005:FFFDF8AC       aImu0
 0005:FFFDF8B4       aImu1
 0005:FFFDF8BC       aPubTriggerHard
 0005:FFFDF8EC       aSDPgsr0X
 0005:FFFDF918       aLpEntryPwrctlW
 0005:FFFDF930       aRX
 0005:FFFDF938       aDdr424ghz
 0005:FFFDF94A       aCenterDLeftMed
 0005:FFFDF980       aCenterDRightMe
 0005:FFFDF9BC       aValidRangeBitm
 0005:FFFDF9D4       aBestPosLeftDWi
 0005:FFFDF9F4       aSearchWindow1L
 0005:FFFDFA18       aSDBistTraining
 0005:FFFDFA7C       a02d02x02x02x02
 0005:FFFDFA9C       aSdramDBestVref
 0005:FFFDFAB8       aTrainingCntD
 0005:FFFDFAD0       aSDBistTraining_0
 0005:FFFDFB34       aHostDBestVrefD
 0005:FFFDFB50       aDdrSearch
 0005:FFFDFB5C       aBinary
 0005:FFFDFB64       aLinear
 0005:FFFDFB6C       aDdrEyechart
 0005:FFFDFB7C       aSDInitRank0
 0005:FFFDFB94       aSDInitRank0Ran
 0005:FFFDFBB4       aUnsupportedDen
 0005:FFFDFBD0       aSDBypass
 0005:FFFDFBE0       aSDCaTraining
 0005:FFFDFBF4       aSamsung
 0005:FFFDFBFC       aHynix
 0005:FFFDFC04       aMicron
 0005:FFFDFC0C       aUnknown_0
 0005:FFFDFC14       aInvalidMr80xX
 0005:FFFDFC28       aDeviceInfo
 0005:FFFDFC38       aPerRankVendorS
 0005:FFFDFC6C       aTotalDrankDgb
 0005:FFFDFC84       aSDWlTraining
 0005:FFFDFC98       aSDWlTrainingWo
 0005:FFFDFCB8       aSDReadDqsGateT
 0005:FFFDFCD8       aSDReadDqsGateT_0
 0005:FFFDFD04       aSDWlAdjustTrai
 0005:FFFDFD20       aSDReadDataBitD
 0005:FFFDFD48       aSDWriteDataBit
 0005:FFFDFD70       aSDReadDataEyeT
 0005:FFFDFD90       aSDWriteDataEye
 0005:FFFDFDB0       aRankD
 0005:FFFDFDBC       aMr0R0xX
 0005:FFFDFDCC       aMr1W0xX
 0005:FFFDFDDC       aMr2W0xX
 0005:FFFDFDEC       aMr3W0xX
 0005:FFFDFDFC       aMr4R0xX
 0005:FFFDFE0C       aMr5R0xX
 0005:FFFDFE1C       aMr6R0xX
 0005:FFFDFE2C       aMr7R0xX
 0005:FFFDFE3C       aMr8R0xX
 0005:FFFDFE4C       aMr11W0xX
 0005:FFFDFE5C       aLpddr3InitD0xX
 0005:FFFDFE74       aPubInitDone
 0005:FFFDFF84       aSdramVrefTrain
 0005:FFFDFFC0       aHostVrefTraini
 0005:FFFE0030       aPlatformEagleG
 0005:FFFE004C       aGpioNum32
 0005:FFFE005C       aGpioNum32_0
 0005:FFFE00DC       aWaitAdccResetT
 0005:FFFE00F8       aWaitSampleDone
 0005:FFFE0114       aOmcErrInitFail
 0005:FFFE012C       aOmcErrVolReadF
 0005:FFFE0148       aOmcErrGetChnlD
 0005:FFFE0170       aOmcErrTransVol
 0005:FFFE0198       aHardwareVersio
 0005:FFFE01B8       aMain
 0005:FFFE01C0       aNovmAddArenaTo
 0005:FFFE0200       aNovm
 0005:FFFE0238       aCommandList
 0005:FFFE0248       a16sS
 0005:FFFE0258       aErrorLineTooLo
 0005:FFFE0270       aTrue
 0005:FFFE0278       aFalse
 0005:FFFE0284       aCommandNotFoun
 0005:FFFE02A0       aHelp
 0005:FFFE02A8       aThisList
 0005:FFFE02B4       aEcho
 0005:FFFE02BC       aPanicCallerP
 0005:FFFE02D0       a0x08lx
 0005:FFFE02DC       a08x
 0005:FFFE02E8       aC
 0005:FFFE02F4       a0x016llx
 0005:FFFE0300       a0x08llx
 0005:FFFE030C       a02hhx
 0005:FFFE0314       aInf
 0005:FFFE0318       aInf_0
 0005:FFFE031C       aNan
 0005:FFFE0320       aNan_0
 0005:FFFE0324       a0x0p0
 0005:FFFE032C       a0x0p0_0
 0005:FFFE0334       aDen
 0005:FFFE0338       aDen_0
 0005:FFFE033C       a0x1
 0005:FFFE0340       a0x1_0
 0005:FFFE0344       a0000000
 0005:FFFE0350       aRange
 0005:FFFE0358       aNull
 0005:FFFE0360       aGeneralError
 0005:FFFE0370       aNoError
 0005:FFFE037C       a0123456789abcd
 0005:FFFE039C       aHeapGrow
 0005:FFFE03A8       aSDFailedToGrow
 0005:FFFE03E4       aKeyPlatprovisi
 0006:FFFE1A00       mmc_dev
 0006:FFFE1A08       host__timing
 0006:FFFE1A28       host__msm_host
 0006:FFFE1AF0       config__config
 0006:FFFE1B18       download_size
 0006:FFFE1B1C       varlist
 0006:FFFE1B20       cmdlist
 0006:FFFE1B2C       udcrq_in
 0006:FFFE1B30       download_max
 0006:FFFE1B34       fastboot_state
 0006:FFFE1B38       download_base
 0006:FFFE1B58       udcrq_out
 0006:FFFE1B60       txn_done
 0006:FFFE1B7C       TBIE_key
 0006:FFFE1BB0       g_boot_pubkey_fun
 0006:FFFE2890       pmic_dev__name
 0006:FFFE28B4       bp_initialized
 0006:FFFE28B8       auth_keys
 0006:FFFE31B8       enc_keys
 0006:FFFE33BC       partition_count
 0006:FFFE3F68       theheap__base
 0006:FFFE3F70       theheap__remaining
 0006:FFFE3F78       theheap__lock
 0006:FFFE3FA4       mmc_dev_0
 0006:FFFE4FD0       txn_status
 0006:FFFE4FD8       usb_if__udc_request_alloc
 0006:FFFE4FDC       usb_if__udc_start
 0006:FFFE4FE4       usb_if__udc_endpoint_alloc
 0006:FFFE4FF0       usb_if__udc_register_gadget
 0006:FFFE4FF4       usb_if__usb_read
 0006:FFFE4FF8       usb_if__usb_write
 0006:FFFE52DC       partition_entries

Program entry point at 0003:00000000
